

================================================================
== Vivado HLS Report for 'mmult_top'
================================================================
* Date:           Wed May 28 13:42:52 2014

* Version:        2013.3 (build date: Wed Oct 16 18:12:55 PM 2013)
* Project:        mmult
* Solution:       solution1
* Product family: zynq zynq_fpv6 
* Target device:  xc7z045ffg900-1


================================================================
== Performance Estimates
================================================================
+ Timing (ns): 
    * Summary: 
    +---------+-------+----------+------------+
    |  Clock  | Target| Estimated| Uncertainty|
    +---------+-------+----------+------------+
    |default  |  10.00|      8.75|        1.25|
    +---------+-------+----------+------------+

+ Latency (clock cycles): 
    * Summary: 
    +--------+--------+--------+--------+---------+
    |     Latency     |     Interval    | Pipeline|
    |   min  |   max  |   min  |   max  |   Type  |
    +--------+--------+--------+--------+---------+
    |  574721|  574721|  574722|  574722|   none  |
    +--------+--------+--------+--------+---------+

    + Detail: 
        * Instance: 
        N/A

        * Loop: 
        +---------------------+--------+--------+----------+-----------+-----------+------+----------+
        |                     |     Latency     | Iteration|  Initiation Interval  | Trip |          |
        |      Loop Name      |   min  |   max  |  Latency |  achieved |   target  | Count| Pipelined|
        +---------------------+--------+--------+----------+-----------+-----------+------+----------+
        |- Loop 1             |  574720|  574720|      8980|          -|          -|    64|    no    |
        | + Loop 1.1          |     192|     192|        24|          -|          -|     8|    no    |
        |  ++ Loop 1.1.1      |      16|      16|         2|          -|          -|     8|    no    |
        | + Loop 1.2          |    8640|    8640|       135|          -|          -|    64|    no    |
        |  ++ Loop 1.2.1      |     128|     128|        16|          -|          -|     8|    no    |
        |   +++ Loop 1.2.1.1  |       8|       8|         1|          -|          -|     8|    no    |
        | + Loop 1.3          |     144|     144|        18|          -|          -|     8|    no    |
        |  ++ Loop 1.3.1      |      16|      16|         2|          -|          -|     8|    no    |
        +---------------------+--------+--------+----------+-----------+-----------+------+----------+



================================================================
== Utilization Estimates
================================================================
* Summary: 
+-----------------+---------+-------+--------+--------+
|       Name      | BRAM_18K| DSP48E|   FF   |   LUT  |
+-----------------+---------+-------+--------+--------+
|Expression       |        -|      -|       0|    2225|
|FIFO             |        -|      -|       -|       -|
|Instance         |        -|    256|    2880|    1344|
|Memory           |        -|      -|       -|       -|
|Multiplexer      |        -|      -|       -|    9246|
|Register         |        -|      -|   15602|       -|
|ShiftMemory      |        -|      -|       -|       -|
+-----------------+---------+-------+--------+--------+
|Total            |        0|    256|   18482|   12815|
+-----------------+---------+-------+--------+--------+
|Available        |     1090|    900|  437200|  218600|
+-----------------+---------+-------+--------+--------+
|Utilization (%)  |        0|     28|       4|       5|
+-----------------+---------+-------+--------+--------+

+ Detail: 
    * Instance: 
    +--------------------------------+----------------------------+---------+-------+----+----+
    |            Instance            |           Module           | BRAM_18K| DSP48E| FF | LUT|
    +--------------------------------+----------------------------+---------+-------+----+----+
    |mmult_top_mul_32s_32s_32_6_U1   |mmult_top_mul_32s_32s_32_6  |        0|      4|  45|  21|
    |mmult_top_mul_32s_32s_32_6_U2   |mmult_top_mul_32s_32s_32_6  |        0|      4|  45|  21|
    |mmult_top_mul_32s_32s_32_6_U3   |mmult_top_mul_32s_32s_32_6  |        0|      4|  45|  21|
    |mmult_top_mul_32s_32s_32_6_U4   |mmult_top_mul_32s_32s_32_6  |        0|      4|  45|  21|
    |mmult_top_mul_32s_32s_32_6_U5   |mmult_top_mul_32s_32s_32_6  |        0|      4|  45|  21|
    |mmult_top_mul_32s_32s_32_6_U6   |mmult_top_mul_32s_32s_32_6  |        0|      4|  45|  21|
    |mmult_top_mul_32s_32s_32_6_U7   |mmult_top_mul_32s_32s_32_6  |        0|      4|  45|  21|
    |mmult_top_mul_32s_32s_32_6_U8   |mmult_top_mul_32s_32s_32_6  |        0|      4|  45|  21|
    |mmult_top_mul_32s_32s_32_6_U9   |mmult_top_mul_32s_32s_32_6  |        0|      4|  45|  21|
    |mmult_top_mul_32s_32s_32_6_U10  |mmult_top_mul_32s_32s_32_6  |        0|      4|  45|  21|
    |mmult_top_mul_32s_32s_32_6_U11  |mmult_top_mul_32s_32s_32_6  |        0|      4|  45|  21|
    |mmult_top_mul_32s_32s_32_6_U12  |mmult_top_mul_32s_32s_32_6  |        0|      4|  45|  21|
    |mmult_top_mul_32s_32s_32_6_U13  |mmult_top_mul_32s_32s_32_6  |        0|      4|  45|  21|
    |mmult_top_mul_32s_32s_32_6_U14  |mmult_top_mul_32s_32s_32_6  |        0|      4|  45|  21|
    |mmult_top_mul_32s_32s_32_6_U15  |mmult_top_mul_32s_32s_32_6  |        0|      4|  45|  21|
    |mmult_top_mul_32s_32s_32_6_U16  |mmult_top_mul_32s_32s_32_6  |        0|      4|  45|  21|
    |mmult_top_mul_32s_32s_32_6_U17  |mmult_top_mul_32s_32s_32_6  |        0|      4|  45|  21|
    |mmult_top_mul_32s_32s_32_6_U18  |mmult_top_mul_32s_32s_32_6  |        0|      4|  45|  21|
    |mmult_top_mul_32s_32s_32_6_U19  |mmult_top_mul_32s_32s_32_6  |        0|      4|  45|  21|
    |mmult_top_mul_32s_32s_32_6_U20  |mmult_top_mul_32s_32s_32_6  |        0|      4|  45|  21|
    |mmult_top_mul_32s_32s_32_6_U21  |mmult_top_mul_32s_32s_32_6  |        0|      4|  45|  21|
    |mmult_top_mul_32s_32s_32_6_U22  |mmult_top_mul_32s_32s_32_6  |        0|      4|  45|  21|
    |mmult_top_mul_32s_32s_32_6_U23  |mmult_top_mul_32s_32s_32_6  |        0|      4|  45|  21|
    |mmult_top_mul_32s_32s_32_6_U24  |mmult_top_mul_32s_32s_32_6  |        0|      4|  45|  21|
    |mmult_top_mul_32s_32s_32_6_U25  |mmult_top_mul_32s_32s_32_6  |        0|      4|  45|  21|
    |mmult_top_mul_32s_32s_32_6_U26  |mmult_top_mul_32s_32s_32_6  |        0|      4|  45|  21|
    |mmult_top_mul_32s_32s_32_6_U27  |mmult_top_mul_32s_32s_32_6  |        0|      4|  45|  21|
    |mmult_top_mul_32s_32s_32_6_U28  |mmult_top_mul_32s_32s_32_6  |        0|      4|  45|  21|
    |mmult_top_mul_32s_32s_32_6_U29  |mmult_top_mul_32s_32s_32_6  |        0|      4|  45|  21|
    |mmult_top_mul_32s_32s_32_6_U30  |mmult_top_mul_32s_32s_32_6  |        0|      4|  45|  21|
    |mmult_top_mul_32s_32s_32_6_U31  |mmult_top_mul_32s_32s_32_6  |        0|      4|  45|  21|
    |mmult_top_mul_32s_32s_32_6_U32  |mmult_top_mul_32s_32s_32_6  |        0|      4|  45|  21|
    |mmult_top_mul_32s_32s_32_6_U33  |mmult_top_mul_32s_32s_32_6  |        0|      4|  45|  21|
    |mmult_top_mul_32s_32s_32_6_U34  |mmult_top_mul_32s_32s_32_6  |        0|      4|  45|  21|
    |mmult_top_mul_32s_32s_32_6_U35  |mmult_top_mul_32s_32s_32_6  |        0|      4|  45|  21|
    |mmult_top_mul_32s_32s_32_6_U36  |mmult_top_mul_32s_32s_32_6  |        0|      4|  45|  21|
    |mmult_top_mul_32s_32s_32_6_U37  |mmult_top_mul_32s_32s_32_6  |        0|      4|  45|  21|
    |mmult_top_mul_32s_32s_32_6_U38  |mmult_top_mul_32s_32s_32_6  |        0|      4|  45|  21|
    |mmult_top_mul_32s_32s_32_6_U39  |mmult_top_mul_32s_32s_32_6  |        0|      4|  45|  21|
    |mmult_top_mul_32s_32s_32_6_U40  |mmult_top_mul_32s_32s_32_6  |        0|      4|  45|  21|
    |mmult_top_mul_32s_32s_32_6_U41  |mmult_top_mul_32s_32s_32_6  |        0|      4|  45|  21|
    |mmult_top_mul_32s_32s_32_6_U42  |mmult_top_mul_32s_32s_32_6  |        0|      4|  45|  21|
    |mmult_top_mul_32s_32s_32_6_U43  |mmult_top_mul_32s_32s_32_6  |        0|      4|  45|  21|
    |mmult_top_mul_32s_32s_32_6_U44  |mmult_top_mul_32s_32s_32_6  |        0|      4|  45|  21|
    |mmult_top_mul_32s_32s_32_6_U45  |mmult_top_mul_32s_32s_32_6  |        0|      4|  45|  21|
    |mmult_top_mul_32s_32s_32_6_U46  |mmult_top_mul_32s_32s_32_6  |        0|      4|  45|  21|
    |mmult_top_mul_32s_32s_32_6_U47  |mmult_top_mul_32s_32s_32_6  |        0|      4|  45|  21|
    |mmult_top_mul_32s_32s_32_6_U48  |mmult_top_mul_32s_32s_32_6  |        0|      4|  45|  21|
    |mmult_top_mul_32s_32s_32_6_U49  |mmult_top_mul_32s_32s_32_6  |        0|      4|  45|  21|
    |mmult_top_mul_32s_32s_32_6_U50  |mmult_top_mul_32s_32s_32_6  |        0|      4|  45|  21|
    |mmult_top_mul_32s_32s_32_6_U51  |mmult_top_mul_32s_32s_32_6  |        0|      4|  45|  21|
    |mmult_top_mul_32s_32s_32_6_U52  |mmult_top_mul_32s_32s_32_6  |        0|      4|  45|  21|
    |mmult_top_mul_32s_32s_32_6_U53  |mmult_top_mul_32s_32s_32_6  |        0|      4|  45|  21|
    |mmult_top_mul_32s_32s_32_6_U54  |mmult_top_mul_32s_32s_32_6  |        0|      4|  45|  21|
    |mmult_top_mul_32s_32s_32_6_U55  |mmult_top_mul_32s_32s_32_6  |        0|      4|  45|  21|
    |mmult_top_mul_32s_32s_32_6_U56  |mmult_top_mul_32s_32s_32_6  |        0|      4|  45|  21|
    |mmult_top_mul_32s_32s_32_6_U57  |mmult_top_mul_32s_32s_32_6  |        0|      4|  45|  21|
    |mmult_top_mul_32s_32s_32_6_U58  |mmult_top_mul_32s_32s_32_6  |        0|      4|  45|  21|
    |mmult_top_mul_32s_32s_32_6_U59  |mmult_top_mul_32s_32s_32_6  |        0|      4|  45|  21|
    |mmult_top_mul_32s_32s_32_6_U60  |mmult_top_mul_32s_32s_32_6  |        0|      4|  45|  21|
    |mmult_top_mul_32s_32s_32_6_U61  |mmult_top_mul_32s_32s_32_6  |        0|      4|  45|  21|
    |mmult_top_mul_32s_32s_32_6_U62  |mmult_top_mul_32s_32s_32_6  |        0|      4|  45|  21|
    |mmult_top_mul_32s_32s_32_6_U63  |mmult_top_mul_32s_32s_32_6  |        0|      4|  45|  21|
    |mmult_top_mul_32s_32s_32_6_U64  |mmult_top_mul_32s_32s_32_6  |        0|      4|  45|  21|
    +--------------------------------+----------------------------+---------+-------+----+----+
    |Total                           |                            |        0|    256|2880|1344|
    +--------------------------------+----------------------------+---------+-------+----+----+

    * Memory: 
    N/A

    * FIFO: 
    N/A

    * Shift register: 
    N/A

    * Expression: 
    +------------------------------+----------+-------+---+----+------------+------------+
    |         Variable Name        | Operation| DSP48E| FF| LUT| Bitwidth P0| Bitwidth P1|
    +------------------------------+----------+-------+---+----+------------+------------+
    |crow_0_fu_18505_p2            |     +    |      0|  0|  32|          32|          32|
    |crow_10_32_fu_18565_p2        |     +    |      0|  0|  32|          32|          32|
    |crow_11_33_fu_18571_p2        |     +    |      0|  0|  32|          32|          32|
    |crow_12_34_fu_18577_p2        |     +    |      0|  0|  32|          32|          32|
    |crow_13_35_fu_18583_p2        |     +    |      0|  0|  32|          32|          32|
    |crow_14_36_fu_18589_p2        |     +    |      0|  0|  32|          32|          32|
    |crow_15_37_fu_18595_p2        |     +    |      0|  0|  32|          32|          32|
    |crow_16_38_fu_18601_p2        |     +    |      0|  0|  32|          32|          32|
    |crow_17_39_fu_18607_p2        |     +    |      0|  0|  32|          32|          32|
    |crow_18_40_fu_18613_p2        |     +    |      0|  0|  32|          32|          32|
    |crow_19_41_fu_18619_p2        |     +    |      0|  0|  32|          32|          32|
    |crow_1_23_fu_18511_p2         |     +    |      0|  0|  32|          32|          32|
    |crow_20_42_fu_18625_p2        |     +    |      0|  0|  32|          32|          32|
    |crow_21_43_fu_18631_p2        |     +    |      0|  0|  32|          32|          32|
    |crow_22_44_fu_18637_p2        |     +    |      0|  0|  32|          32|          32|
    |crow_23_45_fu_18643_p2        |     +    |      0|  0|  32|          32|          32|
    |crow_24_46_fu_18649_p2        |     +    |      0|  0|  32|          32|          32|
    |crow_25_47_fu_18655_p2        |     +    |      0|  0|  32|          32|          32|
    |crow_26_48_fu_18661_p2        |     +    |      0|  0|  32|          32|          32|
    |crow_27_49_fu_18667_p2        |     +    |      0|  0|  32|          32|          32|
    |crow_28_50_fu_18673_p2        |     +    |      0|  0|  32|          32|          32|
    |crow_29_51_fu_18679_p2        |     +    |      0|  0|  32|          32|          32|
    |crow_2_24_fu_18517_p2         |     +    |      0|  0|  32|          32|          32|
    |crow_30_52_fu_18685_p2        |     +    |      0|  0|  32|          32|          32|
    |crow_31_53_fu_18691_p2        |     +    |      0|  0|  32|          32|          32|
    |crow_32_54_fu_18697_p2        |     +    |      0|  0|  32|          32|          32|
    |crow_33_55_fu_18703_p2        |     +    |      0|  0|  32|          32|          32|
    |crow_34_56_fu_18709_p2        |     +    |      0|  0|  32|          32|          32|
    |crow_35_57_fu_18715_p2        |     +    |      0|  0|  32|          32|          32|
    |crow_36_58_fu_18721_p2        |     +    |      0|  0|  32|          32|          32|
    |crow_37_59_fu_18727_p2        |     +    |      0|  0|  32|          32|          32|
    |crow_38_60_fu_18733_p2        |     +    |      0|  0|  32|          32|          32|
    |crow_39_61_fu_18739_p2        |     +    |      0|  0|  32|          32|          32|
    |crow_3_25_fu_18523_p2         |     +    |      0|  0|  32|          32|          32|
    |crow_40_62_fu_18745_p2        |     +    |      0|  0|  32|          32|          32|
    |crow_41_63_fu_18751_p2        |     +    |      0|  0|  32|          32|          32|
    |crow_42_64_fu_18757_p2        |     +    |      0|  0|  32|          32|          32|
    |crow_43_65_fu_18763_p2        |     +    |      0|  0|  32|          32|          32|
    |crow_44_66_fu_18769_p2        |     +    |      0|  0|  32|          32|          32|
    |crow_45_67_fu_18775_p2        |     +    |      0|  0|  32|          32|          32|
    |crow_46_68_fu_18781_p2        |     +    |      0|  0|  32|          32|          32|
    |crow_47_69_fu_18787_p2        |     +    |      0|  0|  32|          32|          32|
    |crow_48_70_fu_18793_p2        |     +    |      0|  0|  32|          32|          32|
    |crow_49_71_fu_18799_p2        |     +    |      0|  0|  32|          32|          32|
    |crow_4_26_fu_18529_p2         |     +    |      0|  0|  32|          32|          32|
    |crow_50_72_fu_18805_p2        |     +    |      0|  0|  32|          32|          32|
    |crow_51_73_fu_18811_p2        |     +    |      0|  0|  32|          32|          32|
    |crow_52_74_fu_18817_p2        |     +    |      0|  0|  32|          32|          32|
    |crow_53_75_fu_18823_p2        |     +    |      0|  0|  32|          32|          32|
    |crow_54_76_fu_18829_p2        |     +    |      0|  0|  32|          32|          32|
    |crow_55_77_fu_18835_p2        |     +    |      0|  0|  32|          32|          32|
    |crow_56_78_fu_18841_p2        |     +    |      0|  0|  32|          32|          32|
    |crow_57_79_fu_18847_p2        |     +    |      0|  0|  32|          32|          32|
    |crow_58_80_fu_18853_p2        |     +    |      0|  0|  32|          32|          32|
    |crow_59_81_fu_18859_p2        |     +    |      0|  0|  32|          32|          32|
    |crow_5_27_fu_18535_p2         |     +    |      0|  0|  32|          32|          32|
    |crow_60_82_fu_18865_p2        |     +    |      0|  0|  32|          32|          32|
    |crow_61_83_fu_18871_p2        |     +    |      0|  0|  32|          32|          32|
    |crow_62_84_fu_18877_p2        |     +    |      0|  0|  32|          32|          32|
    |crow_63_fu_18883_p2           |     +    |      0|  0|  32|          32|          32|
    |crow_6_28_fu_18541_p2         |     +    |      0|  0|  32|          32|          32|
    |crow_7_29_fu_18547_p2         |     +    |      0|  0|  32|          32|          32|
    |crow_8_30_fu_18553_p2         |     +    |      0|  0|  32|          32|          32|
    |crow_9_31_fu_18559_p2         |     +    |      0|  0|  32|          32|          32|
    |curIdx_1_fu_18905_p2          |     +    |      0|  0|   9|           9|           9|
    |curIdx_2_fu_17327_p2          |     +    |      0|  0|   9|           9|           9|
    |curIdx_fu_16863_p2            |     +    |      0|  0|   9|           9|           9|
    |indvars_iv_next6_fu_18499_p2  |     +    |      0|  0|   7|           7|           4|
    |indvars_iv_next_fu_18952_p2   |     +    |      0|  0|   7|           7|           4|
    |j_3_fu_16857_p2               |     +    |      0|  0|   4|           4|           1|
    |j_4_fu_18899_p2               |     +    |      0|  0|   4|           4|           1|
    |j_5_fu_17321_p2               |     +    |      0|  0|   4|           4|           1|
    |k_6_fu_16885_p2               |     +    |      0|  0|   7|           7|           4|
    |k_7_fu_18910_p2               |     +    |      0|  0|   7|           7|           4|
    |k_8_fu_18110_p2               |     +    |      0|  0|   7|           7|           4|
    |rowIdxB_1_fu_17293_p2         |     +    |      0|  0|   7|           7|           1|
    |rowIdx_1_fu_16829_p2          |     +    |      0|  0|   7|           7|           1|
    |t2_1_fu_16897_p2              |     +    |      0|  0|   4|           4|           1|
    |t2_2_fu_18922_p2              |     +    |      0|  0|   4|           4|           1|
    |t2_3_fu_18122_p2              |     +    |      0|  0|   4|           4|           1|
    |tmp_10_fu_18936_p2            |     +    |      0|  0|   7|           7|           1|
    |tmp_11_fu_18493_p2            |     +    |      0|  0|   7|           7|           1|
    |tmp_9_fu_17281_p2             |     +    |      0|  0|   7|           7|           1|
    |ap_sig_bdd_572                |    and   |      0|  0|   2|           1|           1|
    |ap_sig_bdd_578                |    and   |      0|  0|   2|           1|           1|
    |exitcond1_fu_16823_p2         |   icmp   |      0|  0|   8|           7|           8|
    |exitcond2_fu_16851_p2         |   icmp   |      0|  0|   5|           4|           5|
    |exitcond3_fu_18893_p2         |   icmp   |      0|  0|   5|           4|           5|
    |exitcond5_fu_16891_p2         |   icmp   |      0|  0|   5|           4|           5|
    |exitcond7_fu_18116_p2         |   icmp   |      0|  0|   7|           7|           7|
    |exitcond8_fu_17315_p2         |   icmp   |      0|  0|   5|           4|           5|
    |exitcond9_fu_17287_p2         |   icmp   |      0|  0|   8|           7|           8|
    |exitcond_fu_18916_p2          |   icmp   |      0|  0|   7|           7|           7|
    |ap_sig_bdd_111                |    or    |      0|  0|   2|           1|           1|
    +------------------------------+----------+-------+---+----+------------+------------+
    |Total                         |          |      0|  0|2225|        2216|        2159|
    +------------------------------+----------+-------+---+----+------------+------------+

    * Multiplexer: 
    +-----------------------+-----+-----------+-----+-----------+
    |          Name         | LUT | Input Size| Bits| Total Bits|
    +-----------------------+-----+-----------+-----+-----------+
    |c_address              |   32|          3|   32|         96|
    |crow_0_1_reg_2226      |   32|          2|   32|         64|
    |crow_0_2_reg_3016      |   32|          2|   32|         64|
    |crow_0_3_reg_15523     |   32|          2|   32|         64|
    |crow_0_4_reg_16477     |   32|          2|   32|         64|
    |crow_10_1_reg_2116     |   32|          2|   32|         64|
    |crow_10_2_reg_2896     |   32|          2|   32|         64|
    |crow_10_3_reg_13543    |   32|          2|   32|         64|
    |crow_10_4_reg_16357    |   32|          2|   32|         64|
    |crow_11_1_reg_2105     |   32|          2|   32|         64|
    |crow_11_2_reg_2884     |   32|          2|   32|         64|
    |crow_11_3_reg_13345    |   32|          2|   32|         64|
    |crow_11_4_reg_16345    |   32|          2|   32|         64|
    |crow_12_1_reg_2094     |   32|          2|   32|         64|
    |crow_12_2_reg_2872     |   32|          2|   32|         64|
    |crow_12_3_reg_13147    |   32|          2|   32|         64|
    |crow_12_4_reg_16333    |   32|          2|   32|         64|
    |crow_13_1_reg_2083     |   32|          2|   32|         64|
    |crow_13_2_reg_2860     |   32|          2|   32|         64|
    |crow_13_3_reg_12949    |   32|          2|   32|         64|
    |crow_13_4_reg_16321    |   32|          2|   32|         64|
    |crow_14_1_reg_2072     |   32|          2|   32|         64|
    |crow_14_2_reg_2848     |   32|          2|   32|         64|
    |crow_14_3_reg_12751    |   32|          2|   32|         64|
    |crow_14_4_reg_16309    |   32|          2|   32|         64|
    |crow_15_1_reg_2061     |   32|          2|   32|         64|
    |crow_15_2_reg_2836     |   32|          2|   32|         64|
    |crow_15_3_reg_12553    |   32|          2|   32|         64|
    |crow_15_4_reg_16297    |   32|          2|   32|         64|
    |crow_16_1_reg_2050     |   32|          2|   32|         64|
    |crow_16_2_reg_2824     |   32|          2|   32|         64|
    |crow_16_3_reg_12355    |   32|          2|   32|         64|
    |crow_16_4_reg_16285    |   32|          2|   32|         64|
    |crow_17_1_reg_2039     |   32|          2|   32|         64|
    |crow_17_2_reg_2812     |   32|          2|   32|         64|
    |crow_17_3_reg_12157    |   32|          2|   32|         64|
    |crow_17_4_reg_16273    |   32|          2|   32|         64|
    |crow_18_1_reg_2028     |   32|          2|   32|         64|
    |crow_18_2_reg_2800     |   32|          2|   32|         64|
    |crow_18_3_reg_11959    |   32|          2|   32|         64|
    |crow_18_4_reg_16261    |   32|          2|   32|         64|
    |crow_19_1_reg_2017     |   32|          2|   32|         64|
    |crow_19_2_reg_2788     |   32|          2|   32|         64|
    |crow_19_3_reg_11761    |   32|          2|   32|         64|
    |crow_19_4_reg_16249    |   32|          2|   32|         64|
    |crow_1_1_reg_2215      |   32|          2|   32|         64|
    |crow_1_2_reg_3004      |   32|          2|   32|         64|
    |crow_1_3_reg_15325     |   32|          2|   32|         64|
    |crow_1_4_reg_16465     |   32|          2|   32|         64|
    |crow_20_1_reg_2006     |   32|          2|   32|         64|
    |crow_20_2_reg_2776     |   32|          2|   32|         64|
    |crow_20_3_reg_11563    |   32|          2|   32|         64|
    |crow_20_4_reg_16237    |   32|          2|   32|         64|
    |crow_21_1_reg_1995     |   32|          2|   32|         64|
    |crow_21_2_reg_2764     |   32|          2|   32|         64|
    |crow_21_3_reg_11365    |   32|          2|   32|         64|
    |crow_21_4_reg_16225    |   32|          2|   32|         64|
    |crow_22_1_reg_1984     |   32|          2|   32|         64|
    |crow_22_2_reg_2752     |   32|          2|   32|         64|
    |crow_22_3_reg_11167    |   32|          2|   32|         64|
    |crow_22_4_reg_16213    |   32|          2|   32|         64|
    |crow_23_1_reg_1973     |   32|          2|   32|         64|
    |crow_23_2_reg_2740     |   32|          2|   32|         64|
    |crow_23_3_reg_10969    |   32|          2|   32|         64|
    |crow_23_4_reg_16201    |   32|          2|   32|         64|
    |crow_24_1_reg_1962     |   32|          2|   32|         64|
    |crow_24_2_reg_2728     |   32|          2|   32|         64|
    |crow_24_3_reg_10771    |   32|          2|   32|         64|
    |crow_24_4_reg_16189    |   32|          2|   32|         64|
    |crow_25_1_reg_1951     |   32|          2|   32|         64|
    |crow_25_2_reg_2716     |   32|          2|   32|         64|
    |crow_25_3_reg_10573    |   32|          2|   32|         64|
    |crow_25_4_reg_16177    |   32|          2|   32|         64|
    |crow_26_1_reg_1940     |   32|          2|   32|         64|
    |crow_26_2_reg_2704     |   32|          2|   32|         64|
    |crow_26_3_reg_10375    |   32|          2|   32|         64|
    |crow_26_4_reg_16165    |   32|          2|   32|         64|
    |crow_27_1_reg_1929     |   32|          2|   32|         64|
    |crow_27_2_reg_2692     |   32|          2|   32|         64|
    |crow_27_3_reg_10177    |   32|          2|   32|         64|
    |crow_27_4_reg_16153    |   32|          2|   32|         64|
    |crow_28_1_reg_1918     |   32|          2|   32|         64|
    |crow_28_2_reg_2680     |   32|          2|   32|         64|
    |crow_28_3_reg_9979     |   32|          2|   32|         64|
    |crow_28_4_reg_16141    |   32|          2|   32|         64|
    |crow_29_1_reg_1907     |   32|          2|   32|         64|
    |crow_29_2_reg_2668     |   32|          2|   32|         64|
    |crow_29_3_reg_9781     |   32|          2|   32|         64|
    |crow_29_4_reg_16129    |   32|          2|   32|         64|
    |crow_2_1_reg_2204      |   32|          2|   32|         64|
    |crow_2_2_reg_2992      |   32|          2|   32|         64|
    |crow_2_3_reg_15127     |   32|          2|   32|         64|
    |crow_2_4_reg_16453     |   32|          2|   32|         64|
    |crow_30_1_reg_1896     |   32|          2|   32|         64|
    |crow_30_2_reg_2656     |   32|          2|   32|         64|
    |crow_30_3_reg_9583     |   32|          2|   32|         64|
    |crow_30_4_reg_16117    |   32|          2|   32|         64|
    |crow_31_1_reg_1885     |   32|          2|   32|         64|
    |crow_31_2_reg_2644     |   32|          2|   32|         64|
    |crow_31_3_reg_9385     |   32|          2|   32|         64|
    |crow_31_4_reg_16105    |   32|          2|   32|         64|
    |crow_32_1_reg_1874     |   32|          2|   32|         64|
    |crow_32_2_reg_2632     |   32|          2|   32|         64|
    |crow_32_3_reg_9187     |   32|          2|   32|         64|
    |crow_32_4_reg_16093    |   32|          2|   32|         64|
    |crow_33_1_reg_1863     |   32|          2|   32|         64|
    |crow_33_2_reg_2620     |   32|          2|   32|         64|
    |crow_33_3_reg_8989     |   32|          2|   32|         64|
    |crow_33_4_reg_16081    |   32|          2|   32|         64|
    |crow_34_1_reg_1852     |   32|          2|   32|         64|
    |crow_34_2_reg_2608     |   32|          2|   32|         64|
    |crow_34_3_reg_8791     |   32|          2|   32|         64|
    |crow_34_4_reg_16069    |   32|          2|   32|         64|
    |crow_35_1_reg_1841     |   32|          2|   32|         64|
    |crow_35_2_reg_2596     |   32|          2|   32|         64|
    |crow_35_3_reg_8593     |   32|          2|   32|         64|
    |crow_35_4_reg_16057    |   32|          2|   32|         64|
    |crow_36_1_reg_1830     |   32|          2|   32|         64|
    |crow_36_2_reg_2584     |   32|          2|   32|         64|
    |crow_36_3_reg_8395     |   32|          2|   32|         64|
    |crow_36_4_reg_16045    |   32|          2|   32|         64|
    |crow_37_1_reg_1819     |   32|          2|   32|         64|
    |crow_37_2_reg_2572     |   32|          2|   32|         64|
    |crow_37_3_reg_8197     |   32|          2|   32|         64|
    |crow_37_4_reg_16033    |   32|          2|   32|         64|
    |crow_38_1_reg_1808     |   32|          2|   32|         64|
    |crow_38_2_reg_2560     |   32|          2|   32|         64|
    |crow_38_3_reg_7999     |   32|          2|   32|         64|
    |crow_38_4_reg_16021    |   32|          2|   32|         64|
    |crow_39_1_reg_1797     |   32|          2|   32|         64|
    |crow_39_2_reg_2548     |   32|          2|   32|         64|
    |crow_39_3_reg_7801     |   32|          2|   32|         64|
    |crow_39_4_reg_16009    |   32|          2|   32|         64|
    |crow_3_1_reg_2193      |   32|          2|   32|         64|
    |crow_3_2_reg_2980      |   32|          2|   32|         64|
    |crow_3_3_reg_14929     |   32|          2|   32|         64|
    |crow_3_4_reg_16441     |   32|          2|   32|         64|
    |crow_40_1_reg_1786     |   32|          2|   32|         64|
    |crow_40_2_reg_2536     |   32|          2|   32|         64|
    |crow_40_3_reg_7603     |   32|          2|   32|         64|
    |crow_40_4_reg_15997    |   32|          2|   32|         64|
    |crow_41_1_reg_1775     |   32|          2|   32|         64|
    |crow_41_2_reg_2524     |   32|          2|   32|         64|
    |crow_41_3_reg_7405     |   32|          2|   32|         64|
    |crow_41_4_reg_15985    |   32|          2|   32|         64|
    |crow_42_1_reg_1764     |   32|          2|   32|         64|
    |crow_42_2_reg_2512     |   32|          2|   32|         64|
    |crow_42_3_reg_7207     |   32|          2|   32|         64|
    |crow_42_4_reg_15973    |   32|          2|   32|         64|
    |crow_43_1_reg_1753     |   32|          2|   32|         64|
    |crow_43_2_reg_2500     |   32|          2|   32|         64|
    |crow_43_3_reg_7009     |   32|          2|   32|         64|
    |crow_43_4_reg_15961    |   32|          2|   32|         64|
    |crow_44_1_reg_1742     |   32|          2|   32|         64|
    |crow_44_2_reg_2488     |   32|          2|   32|         64|
    |crow_44_3_reg_6811     |   32|          2|   32|         64|
    |crow_44_4_reg_15949    |   32|          2|   32|         64|
    |crow_45_1_reg_1731     |   32|          2|   32|         64|
    |crow_45_2_reg_2476     |   32|          2|   32|         64|
    |crow_45_3_reg_6613     |   32|          2|   32|         64|
    |crow_45_4_reg_15937    |   32|          2|   32|         64|
    |crow_46_1_reg_1720     |   32|          2|   32|         64|
    |crow_46_2_reg_2464     |   32|          2|   32|         64|
    |crow_46_3_reg_6415     |   32|          2|   32|         64|
    |crow_46_4_reg_15925    |   32|          2|   32|         64|
    |crow_47_1_reg_1709     |   32|          2|   32|         64|
    |crow_47_2_reg_2452     |   32|          2|   32|         64|
    |crow_47_3_reg_6217     |   32|          2|   32|         64|
    |crow_47_4_reg_15913    |   32|          2|   32|         64|
    |crow_48_1_reg_1698     |   32|          2|   32|         64|
    |crow_48_2_reg_2440     |   32|          2|   32|         64|
    |crow_48_3_reg_6019     |   32|          2|   32|         64|
    |crow_48_4_reg_15901    |   32|          2|   32|         64|
    |crow_49_1_reg_1687     |   32|          2|   32|         64|
    |crow_49_2_reg_2428     |   32|          2|   32|         64|
    |crow_49_3_reg_5821     |   32|          2|   32|         64|
    |crow_49_4_reg_15889    |   32|          2|   32|         64|
    |crow_4_1_reg_2182      |   32|          2|   32|         64|
    |crow_4_2_reg_2968      |   32|          2|   32|         64|
    |crow_4_3_reg_14731     |   32|          2|   32|         64|
    |crow_4_4_reg_16429     |   32|          2|   32|         64|
    |crow_50_1_reg_1676     |   32|          2|   32|         64|
    |crow_50_2_reg_2416     |   32|          2|   32|         64|
    |crow_50_3_reg_5623     |   32|          2|   32|         64|
    |crow_50_4_reg_15877    |   32|          2|   32|         64|
    |crow_51_1_reg_1665     |   32|          2|   32|         64|
    |crow_51_2_reg_2404     |   32|          2|   32|         64|
    |crow_51_3_reg_5425     |   32|          2|   32|         64|
    |crow_51_4_reg_15865    |   32|          2|   32|         64|
    |crow_52_1_reg_1654     |   32|          2|   32|         64|
    |crow_52_2_reg_2392     |   32|          2|   32|         64|
    |crow_52_3_reg_5227     |   32|          2|   32|         64|
    |crow_52_4_reg_15853    |   32|          2|   32|         64|
    |crow_53_1_reg_1643     |   32|          2|   32|         64|
    |crow_53_2_reg_2380     |   32|          2|   32|         64|
    |crow_53_3_reg_5029     |   32|          2|   32|         64|
    |crow_53_4_reg_15841    |   32|          2|   32|         64|
    |crow_54_1_reg_1632     |   32|          2|   32|         64|
    |crow_54_2_reg_2368     |   32|          2|   32|         64|
    |crow_54_3_reg_4831     |   32|          2|   32|         64|
    |crow_54_4_reg_15829    |   32|          2|   32|         64|
    |crow_55_1_reg_1621     |   32|          2|   32|         64|
    |crow_55_2_reg_2356     |   32|          2|   32|         64|
    |crow_55_3_reg_4633     |   32|          2|   32|         64|
    |crow_55_4_reg_15817    |   32|          2|   32|         64|
    |crow_56_1_reg_1610     |   32|          2|   32|         64|
    |crow_56_2_reg_2344     |   32|          2|   32|         64|
    |crow_56_3_reg_4435     |   32|          2|   32|         64|
    |crow_56_4_reg_15805    |   32|          2|   32|         64|
    |crow_57_1_reg_1599     |   32|          2|   32|         64|
    |crow_57_2_reg_2332     |   32|          2|   32|         64|
    |crow_57_3_reg_4237     |   32|          2|   32|         64|
    |crow_57_4_reg_15793    |   32|          2|   32|         64|
    |crow_58_1_reg_1588     |   32|          2|   32|         64|
    |crow_58_2_reg_2320     |   32|          2|   32|         64|
    |crow_58_3_reg_4039     |   32|          2|   32|         64|
    |crow_58_4_reg_15781    |   32|          2|   32|         64|
    |crow_59_1_reg_1577     |   32|          2|   32|         64|
    |crow_59_2_reg_2308     |   32|          2|   32|         64|
    |crow_59_3_reg_3841     |   32|          2|   32|         64|
    |crow_59_4_reg_15769    |   32|          2|   32|         64|
    |crow_5_1_reg_2171      |   32|          2|   32|         64|
    |crow_5_2_reg_2956      |   32|          2|   32|         64|
    |crow_5_3_reg_14533     |   32|          2|   32|         64|
    |crow_5_4_reg_16417     |   32|          2|   32|         64|
    |crow_60_1_reg_1566     |   32|          2|   32|         64|
    |crow_60_2_reg_2296     |   32|          2|   32|         64|
    |crow_60_3_reg_3643     |   32|          2|   32|         64|
    |crow_60_4_reg_15757    |   32|          2|   32|         64|
    |crow_61_1_reg_1555     |   32|          2|   32|         64|
    |crow_61_2_reg_2284     |   32|          2|   32|         64|
    |crow_61_3_reg_3445     |   32|          2|   32|         64|
    |crow_61_4_reg_15745    |   32|          2|   32|         64|
    |crow_62_1_reg_1544     |   32|          2|   32|         64|
    |crow_62_2_reg_2272     |   32|          2|   32|         64|
    |crow_62_3_reg_3247     |   32|          2|   32|         64|
    |crow_62_4_reg_15733    |   32|          2|   32|         64|
    |crow_63_1_reg_1533     |   32|          2|   32|         64|
    |crow_63_2_reg_2260     |   32|          2|   32|         64|
    |crow_63_3_reg_3049     |   32|          2|   32|         64|
    |crow_63_4_reg_15721    |   32|          2|   32|         64|
    |crow_6_1_reg_2160      |   32|          2|   32|         64|
    |crow_6_2_reg_2944      |   32|          2|   32|         64|
    |crow_6_3_reg_14335     |   32|          2|   32|         64|
    |crow_6_4_reg_16405     |   32|          2|   32|         64|
    |crow_7_1_reg_2149      |   32|          2|   32|         64|
    |crow_7_2_reg_2932      |   32|          2|   32|         64|
    |crow_7_3_reg_14137     |   32|          2|   32|         64|
    |crow_7_4_reg_16393     |   32|          2|   32|         64|
    |crow_8_1_reg_2138      |   32|          2|   32|         64|
    |crow_8_2_reg_2920      |   32|          2|   32|         64|
    |crow_8_3_reg_13939     |   32|          2|   32|         64|
    |crow_8_4_reg_16381     |   32|          2|   32|         64|
    |crow_9_1_reg_2127      |   32|          2|   32|         64|
    |crow_9_2_reg_2908      |   32|          2|   32|         64|
    |crow_9_3_reg_13741     |   32|          2|   32|         64|
    |crow_9_4_reg_16369     |   32|          2|   32|         64|
    |indvars_iv5_reg_16500  |    7|          2|    7|         14|
    |indvars_iv_reg_16556   |    7|          2|    7|         14|
    |j_1_reg_16524          |    4|          2|    4|          8|
    |j_2_reg_16580          |    4|          2|    4|          8|
    |j_reg_2249             |    4|          2|    4|          8|
    |k_1_reg_3039           |    7|          2|    7|         14|
    |k_2_reg_16512          |    7|          2|    7|         14|
    |k_3_reg_16535          |    7|          2|    7|         14|
    |k_4_reg_16568          |    7|          2|    7|         14|
    |k_5_reg_16591          |    7|          2|    7|         14|
    |k_reg_2237             |    7|          2|    7|         14|
    |p_Repl2_s_reg_16625    |  672|         64|   32|       2048|
    |p_Val2_1_reg_16601     |  256|          2|  256|        512|
    |rowIdxB_reg_16489      |    7|          2|    7|         14|
    |rowIdx_reg_1522        |    7|          2|    7|         14|
    |t2_reg_3028            |    4|          2|    4|          8|
    |t3_reg_16545           |    4|          2|    4|          8|
    |t_reg_16614            |    4|          2|    4|          8|
    +-----------------------+-----+-----------+-----+-----------+
    |Total                  | 9246|        613| 8606|      19228|
    +-----------------------+-----+-----------+-----+-----------+

    * Register: 
    +-----------------------+-----+-----+-----------+
    |          Name         |  FF | Bits| Const Bits|
    +-----------------------+-----+-----+-----------+
    |ap_CS_fsm              |    5|    5|          0|
    |arow_63_10_fu_244      |   32|   32|          0|
    |arow_63_11_fu_248      |   32|   32|          0|
    |arow_63_12_fu_252      |   32|   32|          0|
    |arow_63_13_fu_256      |   32|   32|          0|
    |arow_63_14_fu_260      |   32|   32|          0|
    |arow_63_15_fu_264      |   32|   32|          0|
    |arow_63_16_fu_268      |   32|   32|          0|
    |arow_63_17_fu_272      |   32|   32|          0|
    |arow_63_18_fu_276      |   32|   32|          0|
    |arow_63_19_fu_280      |   32|   32|          0|
    |arow_63_1_fu_208       |   32|   32|          0|
    |arow_63_20_fu_284      |   32|   32|          0|
    |arow_63_21_fu_288      |   32|   32|          0|
    |arow_63_22_fu_292      |   32|   32|          0|
    |arow_63_23_fu_296      |   32|   32|          0|
    |arow_63_24_fu_300      |   32|   32|          0|
    |arow_63_25_fu_304      |   32|   32|          0|
    |arow_63_26_fu_308      |   32|   32|          0|
    |arow_63_27_fu_312      |   32|   32|          0|
    |arow_63_28_fu_316      |   32|   32|          0|
    |arow_63_29_fu_320      |   32|   32|          0|
    |arow_63_2_fu_212       |   32|   32|          0|
    |arow_63_30_fu_324      |   32|   32|          0|
    |arow_63_31_fu_328      |   32|   32|          0|
    |arow_63_32_fu_332      |   32|   32|          0|
    |arow_63_33_fu_336      |   32|   32|          0|
    |arow_63_34_fu_340      |   32|   32|          0|
    |arow_63_35_fu_344      |   32|   32|          0|
    |arow_63_36_fu_348      |   32|   32|          0|
    |arow_63_37_fu_352      |   32|   32|          0|
    |arow_63_38_fu_356      |   32|   32|          0|
    |arow_63_39_fu_360      |   32|   32|          0|
    |arow_63_3_fu_216       |   32|   32|          0|
    |arow_63_40_fu_364      |   32|   32|          0|
    |arow_63_41_fu_368      |   32|   32|          0|
    |arow_63_42_fu_372      |   32|   32|          0|
    |arow_63_43_fu_376      |   32|   32|          0|
    |arow_63_44_fu_380      |   32|   32|          0|
    |arow_63_45_fu_384      |   32|   32|          0|
    |arow_63_46_fu_388      |   32|   32|          0|
    |arow_63_47_fu_392      |   32|   32|          0|
    |arow_63_48_fu_396      |   32|   32|          0|
    |arow_63_49_fu_400      |   32|   32|          0|
    |arow_63_4_fu_220       |   32|   32|          0|
    |arow_63_50_fu_404      |   32|   32|          0|
    |arow_63_51_fu_408      |   32|   32|          0|
    |arow_63_52_fu_412      |   32|   32|          0|
    |arow_63_53_fu_416      |   32|   32|          0|
    |arow_63_54_fu_420      |   32|   32|          0|
    |arow_63_55_fu_424      |   32|   32|          0|
    |arow_63_56_fu_428      |   32|   32|          0|
    |arow_63_57_fu_432      |   32|   32|          0|
    |arow_63_58_fu_436      |   32|   32|          0|
    |arow_63_59_fu_440      |   32|   32|          0|
    |arow_63_5_fu_224       |   32|   32|          0|
    |arow_63_60_fu_444      |   32|   32|          0|
    |arow_63_61_fu_448      |   32|   32|          0|
    |arow_63_62_fu_452      |   32|   32|          0|
    |arow_63_63_fu_456      |   32|   32|          0|
    |arow_63_6_fu_228       |   32|   32|          0|
    |arow_63_7_fu_232       |   32|   32|          0|
    |arow_63_8_fu_236       |   32|   32|          0|
    |arow_63_9_fu_240       |   32|   32|          0|
    |arow_63_fu_204         |   32|   32|          0|
    |brow_63_10_fu_500      |   32|   32|          0|
    |brow_63_11_fu_504      |   32|   32|          0|
    |brow_63_12_fu_508      |   32|   32|          0|
    |brow_63_13_fu_512      |   32|   32|          0|
    |brow_63_14_fu_516      |   32|   32|          0|
    |brow_63_15_fu_520      |   32|   32|          0|
    |brow_63_16_fu_524      |   32|   32|          0|
    |brow_63_17_fu_528      |   32|   32|          0|
    |brow_63_18_fu_532      |   32|   32|          0|
    |brow_63_19_fu_536      |   32|   32|          0|
    |brow_63_1_fu_464       |   32|   32|          0|
    |brow_63_20_fu_540      |   32|   32|          0|
    |brow_63_21_fu_544      |   32|   32|          0|
    |brow_63_22_fu_548      |   32|   32|          0|
    |brow_63_23_fu_552      |   32|   32|          0|
    |brow_63_24_fu_556      |   32|   32|          0|
    |brow_63_25_fu_560      |   32|   32|          0|
    |brow_63_26_fu_564      |   32|   32|          0|
    |brow_63_27_fu_568      |   32|   32|          0|
    |brow_63_28_fu_572      |   32|   32|          0|
    |brow_63_29_fu_576      |   32|   32|          0|
    |brow_63_2_fu_468       |   32|   32|          0|
    |brow_63_30_fu_580      |   32|   32|          0|
    |brow_63_31_fu_584      |   32|   32|          0|
    |brow_63_32_fu_588      |   32|   32|          0|
    |brow_63_33_fu_592      |   32|   32|          0|
    |brow_63_34_fu_596      |   32|   32|          0|
    |brow_63_35_fu_600      |   32|   32|          0|
    |brow_63_36_fu_604      |   32|   32|          0|
    |brow_63_37_fu_608      |   32|   32|          0|
    |brow_63_38_fu_612      |   32|   32|          0|
    |brow_63_39_fu_616      |   32|   32|          0|
    |brow_63_3_fu_472       |   32|   32|          0|
    |brow_63_40_fu_620      |   32|   32|          0|
    |brow_63_41_fu_624      |   32|   32|          0|
    |brow_63_42_fu_628      |   32|   32|          0|
    |brow_63_43_fu_632      |   32|   32|          0|
    |brow_63_44_fu_636      |   32|   32|          0|
    |brow_63_45_fu_640      |   32|   32|          0|
    |brow_63_46_fu_644      |   32|   32|          0|
    |brow_63_47_fu_648      |   32|   32|          0|
    |brow_63_48_fu_652      |   32|   32|          0|
    |brow_63_49_fu_656      |   32|   32|          0|
    |brow_63_4_fu_476       |   32|   32|          0|
    |brow_63_50_fu_660      |   32|   32|          0|
    |brow_63_51_fu_664      |   32|   32|          0|
    |brow_63_52_fu_668      |   32|   32|          0|
    |brow_63_53_fu_672      |   32|   32|          0|
    |brow_63_54_fu_676      |   32|   32|          0|
    |brow_63_55_fu_680      |   32|   32|          0|
    |brow_63_56_fu_684      |   32|   32|          0|
    |brow_63_57_fu_688      |   32|   32|          0|
    |brow_63_58_fu_692      |   32|   32|          0|
    |brow_63_59_fu_696      |   32|   32|          0|
    |brow_63_5_fu_480       |   32|   32|          0|
    |brow_63_60_fu_700      |   32|   32|          0|
    |brow_63_61_fu_704      |   32|   32|          0|
    |brow_63_62_fu_708      |   32|   32|          0|
    |brow_63_63_fu_712      |   32|   32|          0|
    |brow_63_6_fu_484       |   32|   32|          0|
    |brow_63_7_fu_488       |   32|   32|          0|
    |brow_63_8_fu_492       |   32|   32|          0|
    |brow_63_9_fu_496       |   32|   32|          0|
    |brow_63_fu_460         |   32|   32|          0|
    |crow_0_1_reg_2226      |   32|   32|          0|
    |crow_0_2_reg_3016      |   32|   32|          0|
    |crow_0_3_reg_15523     |   32|   32|          0|
    |crow_0_4_reg_16477     |   32|   32|          0|
    |crow_10_1_reg_2116     |   32|   32|          0|
    |crow_10_2_reg_2896     |   32|   32|          0|
    |crow_10_3_reg_13543    |   32|   32|          0|
    |crow_10_4_reg_16357    |   32|   32|          0|
    |crow_10_reg_1390       |   32|   32|          0|
    |crow_11_1_reg_2105     |   32|   32|          0|
    |crow_11_2_reg_2884     |   32|   32|          0|
    |crow_11_3_reg_13345    |   32|   32|          0|
    |crow_11_4_reg_16345    |   32|   32|          0|
    |crow_11_reg_1378       |   32|   32|          0|
    |crow_12_1_reg_2094     |   32|   32|          0|
    |crow_12_2_reg_2872     |   32|   32|          0|
    |crow_12_3_reg_13147    |   32|   32|          0|
    |crow_12_4_reg_16333    |   32|   32|          0|
    |crow_12_reg_1366       |   32|   32|          0|
    |crow_13_1_reg_2083     |   32|   32|          0|
    |crow_13_2_reg_2860     |   32|   32|          0|
    |crow_13_3_reg_12949    |   32|   32|          0|
    |crow_13_4_reg_16321    |   32|   32|          0|
    |crow_13_reg_1354       |   32|   32|          0|
    |crow_14_1_reg_2072     |   32|   32|          0|
    |crow_14_2_reg_2848     |   32|   32|          0|
    |crow_14_3_reg_12751    |   32|   32|          0|
    |crow_14_4_reg_16309    |   32|   32|          0|
    |crow_14_reg_1342       |   32|   32|          0|
    |crow_15_1_reg_2061     |   32|   32|          0|
    |crow_15_2_reg_2836     |   32|   32|          0|
    |crow_15_3_reg_12553    |   32|   32|          0|
    |crow_15_4_reg_16297    |   32|   32|          0|
    |crow_15_reg_1330       |   32|   32|          0|
    |crow_16_1_reg_2050     |   32|   32|          0|
    |crow_16_2_reg_2824     |   32|   32|          0|
    |crow_16_3_reg_12355    |   32|   32|          0|
    |crow_16_4_reg_16285    |   32|   32|          0|
    |crow_16_reg_1318       |   32|   32|          0|
    |crow_17_1_reg_2039     |   32|   32|          0|
    |crow_17_2_reg_2812     |   32|   32|          0|
    |crow_17_3_reg_12157    |   32|   32|          0|
    |crow_17_4_reg_16273    |   32|   32|          0|
    |crow_17_reg_1306       |   32|   32|          0|
    |crow_18_1_reg_2028     |   32|   32|          0|
    |crow_18_2_reg_2800     |   32|   32|          0|
    |crow_18_3_reg_11959    |   32|   32|          0|
    |crow_18_4_reg_16261    |   32|   32|          0|
    |crow_18_reg_1294       |   32|   32|          0|
    |crow_19_1_reg_2017     |   32|   32|          0|
    |crow_19_2_reg_2788     |   32|   32|          0|
    |crow_19_3_reg_11761    |   32|   32|          0|
    |crow_19_4_reg_16249    |   32|   32|          0|
    |crow_19_reg_1282       |   32|   32|          0|
    |crow_1_1_reg_2215      |   32|   32|          0|
    |crow_1_2_reg_3004      |   32|   32|          0|
    |crow_1_3_reg_15325     |   32|   32|          0|
    |crow_1_4_reg_16465     |   32|   32|          0|
    |crow_1_reg_1498        |   32|   32|          0|
    |crow_20_1_reg_2006     |   32|   32|          0|
    |crow_20_2_reg_2776     |   32|   32|          0|
    |crow_20_3_reg_11563    |   32|   32|          0|
    |crow_20_4_reg_16237    |   32|   32|          0|
    |crow_20_reg_1270       |   32|   32|          0|
    |crow_21_1_reg_1995     |   32|   32|          0|
    |crow_21_2_reg_2764     |   32|   32|          0|
    |crow_21_3_reg_11365    |   32|   32|          0|
    |crow_21_4_reg_16225    |   32|   32|          0|
    |crow_21_reg_1258       |   32|   32|          0|
    |crow_22_1_reg_1984     |   32|   32|          0|
    |crow_22_2_reg_2752     |   32|   32|          0|
    |crow_22_3_reg_11167    |   32|   32|          0|
    |crow_22_4_reg_16213    |   32|   32|          0|
    |crow_22_reg_1246       |   32|   32|          0|
    |crow_23_1_reg_1973     |   32|   32|          0|
    |crow_23_2_reg_2740     |   32|   32|          0|
    |crow_23_3_reg_10969    |   32|   32|          0|
    |crow_23_4_reg_16201    |   32|   32|          0|
    |crow_23_reg_1234       |   32|   32|          0|
    |crow_24_1_reg_1962     |   32|   32|          0|
    |crow_24_2_reg_2728     |   32|   32|          0|
    |crow_24_3_reg_10771    |   32|   32|          0|
    |crow_24_4_reg_16189    |   32|   32|          0|
    |crow_24_reg_1222       |   32|   32|          0|
    |crow_25_1_reg_1951     |   32|   32|          0|
    |crow_25_2_reg_2716     |   32|   32|          0|
    |crow_25_3_reg_10573    |   32|   32|          0|
    |crow_25_4_reg_16177    |   32|   32|          0|
    |crow_25_reg_1210       |   32|   32|          0|
    |crow_26_1_reg_1940     |   32|   32|          0|
    |crow_26_2_reg_2704     |   32|   32|          0|
    |crow_26_3_reg_10375    |   32|   32|          0|
    |crow_26_4_reg_16165    |   32|   32|          0|
    |crow_26_reg_1198       |   32|   32|          0|
    |crow_27_1_reg_1929     |   32|   32|          0|
    |crow_27_2_reg_2692     |   32|   32|          0|
    |crow_27_3_reg_10177    |   32|   32|          0|
    |crow_27_4_reg_16153    |   32|   32|          0|
    |crow_27_reg_1186       |   32|   32|          0|
    |crow_28_1_reg_1918     |   32|   32|          0|
    |crow_28_2_reg_2680     |   32|   32|          0|
    |crow_28_3_reg_9979     |   32|   32|          0|
    |crow_28_4_reg_16141    |   32|   32|          0|
    |crow_28_reg_1174       |   32|   32|          0|
    |crow_29_1_reg_1907     |   32|   32|          0|
    |crow_29_2_reg_2668     |   32|   32|          0|
    |crow_29_3_reg_9781     |   32|   32|          0|
    |crow_29_4_reg_16129    |   32|   32|          0|
    |crow_29_reg_1162       |   32|   32|          0|
    |crow_2_1_reg_2204      |   32|   32|          0|
    |crow_2_2_reg_2992      |   32|   32|          0|
    |crow_2_3_reg_15127     |   32|   32|          0|
    |crow_2_4_reg_16453     |   32|   32|          0|
    |crow_2_reg_1486        |   32|   32|          0|
    |crow_30_1_reg_1896     |   32|   32|          0|
    |crow_30_2_reg_2656     |   32|   32|          0|
    |crow_30_3_reg_9583     |   32|   32|          0|
    |crow_30_4_reg_16117    |   32|   32|          0|
    |crow_30_reg_1150       |   32|   32|          0|
    |crow_31_1_reg_1885     |   32|   32|          0|
    |crow_31_2_reg_2644     |   32|   32|          0|
    |crow_31_3_reg_9385     |   32|   32|          0|
    |crow_31_4_reg_16105    |   32|   32|          0|
    |crow_31_reg_1138       |   32|   32|          0|
    |crow_32_1_reg_1874     |   32|   32|          0|
    |crow_32_2_reg_2632     |   32|   32|          0|
    |crow_32_3_reg_9187     |   32|   32|          0|
    |crow_32_4_reg_16093    |   32|   32|          0|
    |crow_32_reg_1126       |   32|   32|          0|
    |crow_33_1_reg_1863     |   32|   32|          0|
    |crow_33_2_reg_2620     |   32|   32|          0|
    |crow_33_3_reg_8989     |   32|   32|          0|
    |crow_33_4_reg_16081    |   32|   32|          0|
    |crow_33_reg_1114       |   32|   32|          0|
    |crow_34_1_reg_1852     |   32|   32|          0|
    |crow_34_2_reg_2608     |   32|   32|          0|
    |crow_34_3_reg_8791     |   32|   32|          0|
    |crow_34_4_reg_16069    |   32|   32|          0|
    |crow_34_reg_1102       |   32|   32|          0|
    |crow_35_1_reg_1841     |   32|   32|          0|
    |crow_35_2_reg_2596     |   32|   32|          0|
    |crow_35_3_reg_8593     |   32|   32|          0|
    |crow_35_4_reg_16057    |   32|   32|          0|
    |crow_35_reg_1090       |   32|   32|          0|
    |crow_36_1_reg_1830     |   32|   32|          0|
    |crow_36_2_reg_2584     |   32|   32|          0|
    |crow_36_3_reg_8395     |   32|   32|          0|
    |crow_36_4_reg_16045    |   32|   32|          0|
    |crow_36_reg_1078       |   32|   32|          0|
    |crow_37_1_reg_1819     |   32|   32|          0|
    |crow_37_2_reg_2572     |   32|   32|          0|
    |crow_37_3_reg_8197     |   32|   32|          0|
    |crow_37_4_reg_16033    |   32|   32|          0|
    |crow_37_reg_1066       |   32|   32|          0|
    |crow_38_1_reg_1808     |   32|   32|          0|
    |crow_38_2_reg_2560     |   32|   32|          0|
    |crow_38_3_reg_7999     |   32|   32|          0|
    |crow_38_4_reg_16021    |   32|   32|          0|
    |crow_38_reg_1054       |   32|   32|          0|
    |crow_39_1_reg_1797     |   32|   32|          0|
    |crow_39_2_reg_2548     |   32|   32|          0|
    |crow_39_3_reg_7801     |   32|   32|          0|
    |crow_39_4_reg_16009    |   32|   32|          0|
    |crow_39_reg_1042       |   32|   32|          0|
    |crow_3_1_reg_2193      |   32|   32|          0|
    |crow_3_2_reg_2980      |   32|   32|          0|
    |crow_3_3_reg_14929     |   32|   32|          0|
    |crow_3_4_reg_16441     |   32|   32|          0|
    |crow_3_reg_1474        |   32|   32|          0|
    |crow_40_1_reg_1786     |   32|   32|          0|
    |crow_40_2_reg_2536     |   32|   32|          0|
    |crow_40_3_reg_7603     |   32|   32|          0|
    |crow_40_4_reg_15997    |   32|   32|          0|
    |crow_40_reg_1030       |   32|   32|          0|
    |crow_41_1_reg_1775     |   32|   32|          0|
    |crow_41_2_reg_2524     |   32|   32|          0|
    |crow_41_3_reg_7405     |   32|   32|          0|
    |crow_41_4_reg_15985    |   32|   32|          0|
    |crow_41_reg_1018       |   32|   32|          0|
    |crow_42_1_reg_1764     |   32|   32|          0|
    |crow_42_2_reg_2512     |   32|   32|          0|
    |crow_42_3_reg_7207     |   32|   32|          0|
    |crow_42_4_reg_15973    |   32|   32|          0|
    |crow_42_reg_1006       |   32|   32|          0|
    |crow_43_1_reg_1753     |   32|   32|          0|
    |crow_43_2_reg_2500     |   32|   32|          0|
    |crow_43_3_reg_7009     |   32|   32|          0|
    |crow_43_4_reg_15961    |   32|   32|          0|
    |crow_43_reg_994        |   32|   32|          0|
    |crow_44_1_reg_1742     |   32|   32|          0|
    |crow_44_2_reg_2488     |   32|   32|          0|
    |crow_44_3_reg_6811     |   32|   32|          0|
    |crow_44_4_reg_15949    |   32|   32|          0|
    |crow_44_reg_982        |   32|   32|          0|
    |crow_45_1_reg_1731     |   32|   32|          0|
    |crow_45_2_reg_2476     |   32|   32|          0|
    |crow_45_3_reg_6613     |   32|   32|          0|
    |crow_45_4_reg_15937    |   32|   32|          0|
    |crow_45_reg_970        |   32|   32|          0|
    |crow_46_1_reg_1720     |   32|   32|          0|
    |crow_46_2_reg_2464     |   32|   32|          0|
    |crow_46_3_reg_6415     |   32|   32|          0|
    |crow_46_4_reg_15925    |   32|   32|          0|
    |crow_46_reg_958        |   32|   32|          0|
    |crow_47_1_reg_1709     |   32|   32|          0|
    |crow_47_2_reg_2452     |   32|   32|          0|
    |crow_47_3_reg_6217     |   32|   32|          0|
    |crow_47_4_reg_15913    |   32|   32|          0|
    |crow_47_reg_946        |   32|   32|          0|
    |crow_48_1_reg_1698     |   32|   32|          0|
    |crow_48_2_reg_2440     |   32|   32|          0|
    |crow_48_3_reg_6019     |   32|   32|          0|
    |crow_48_4_reg_15901    |   32|   32|          0|
    |crow_48_reg_934        |   32|   32|          0|
    |crow_49_1_reg_1687     |   32|   32|          0|
    |crow_49_2_reg_2428     |   32|   32|          0|
    |crow_49_3_reg_5821     |   32|   32|          0|
    |crow_49_4_reg_15889    |   32|   32|          0|
    |crow_49_reg_922        |   32|   32|          0|
    |crow_4_1_reg_2182      |   32|   32|          0|
    |crow_4_2_reg_2968      |   32|   32|          0|
    |crow_4_3_reg_14731     |   32|   32|          0|
    |crow_4_4_reg_16429     |   32|   32|          0|
    |crow_4_reg_1462        |   32|   32|          0|
    |crow_50_1_reg_1676     |   32|   32|          0|
    |crow_50_2_reg_2416     |   32|   32|          0|
    |crow_50_3_reg_5623     |   32|   32|          0|
    |crow_50_4_reg_15877    |   32|   32|          0|
    |crow_50_reg_910        |   32|   32|          0|
    |crow_51_1_reg_1665     |   32|   32|          0|
    |crow_51_2_reg_2404     |   32|   32|          0|
    |crow_51_3_reg_5425     |   32|   32|          0|
    |crow_51_4_reg_15865    |   32|   32|          0|
    |crow_51_reg_898        |   32|   32|          0|
    |crow_52_1_reg_1654     |   32|   32|          0|
    |crow_52_2_reg_2392     |   32|   32|          0|
    |crow_52_3_reg_5227     |   32|   32|          0|
    |crow_52_4_reg_15853    |   32|   32|          0|
    |crow_52_reg_886        |   32|   32|          0|
    |crow_53_1_reg_1643     |   32|   32|          0|
    |crow_53_2_reg_2380     |   32|   32|          0|
    |crow_53_3_reg_5029     |   32|   32|          0|
    |crow_53_4_reg_15841    |   32|   32|          0|
    |crow_53_reg_874        |   32|   32|          0|
    |crow_54_1_reg_1632     |   32|   32|          0|
    |crow_54_2_reg_2368     |   32|   32|          0|
    |crow_54_3_reg_4831     |   32|   32|          0|
    |crow_54_4_reg_15829    |   32|   32|          0|
    |crow_54_reg_862        |   32|   32|          0|
    |crow_55_1_reg_1621     |   32|   32|          0|
    |crow_55_2_reg_2356     |   32|   32|          0|
    |crow_55_3_reg_4633     |   32|   32|          0|
    |crow_55_4_reg_15817    |   32|   32|          0|
    |crow_55_reg_850        |   32|   32|          0|
    |crow_56_1_reg_1610     |   32|   32|          0|
    |crow_56_2_reg_2344     |   32|   32|          0|
    |crow_56_3_reg_4435     |   32|   32|          0|
    |crow_56_4_reg_15805    |   32|   32|          0|
    |crow_56_reg_838        |   32|   32|          0|
    |crow_57_1_reg_1599     |   32|   32|          0|
    |crow_57_2_reg_2332     |   32|   32|          0|
    |crow_57_3_reg_4237     |   32|   32|          0|
    |crow_57_4_reg_15793    |   32|   32|          0|
    |crow_57_reg_826        |   32|   32|          0|
    |crow_58_1_reg_1588     |   32|   32|          0|
    |crow_58_2_reg_2320     |   32|   32|          0|
    |crow_58_3_reg_4039     |   32|   32|          0|
    |crow_58_4_reg_15781    |   32|   32|          0|
    |crow_58_reg_814        |   32|   32|          0|
    |crow_59_1_reg_1577     |   32|   32|          0|
    |crow_59_2_reg_2308     |   32|   32|          0|
    |crow_59_3_reg_3841     |   32|   32|          0|
    |crow_59_4_reg_15769    |   32|   32|          0|
    |crow_59_reg_802        |   32|   32|          0|
    |crow_5_1_reg_2171      |   32|   32|          0|
    |crow_5_2_reg_2956      |   32|   32|          0|
    |crow_5_3_reg_14533     |   32|   32|          0|
    |crow_5_4_reg_16417     |   32|   32|          0|
    |crow_5_reg_1450        |   32|   32|          0|
    |crow_60_1_reg_1566     |   32|   32|          0|
    |crow_60_2_reg_2296     |   32|   32|          0|
    |crow_60_3_reg_3643     |   32|   32|          0|
    |crow_60_4_reg_15757    |   32|   32|          0|
    |crow_60_reg_790        |   32|   32|          0|
    |crow_61_1_reg_1555     |   32|   32|          0|
    |crow_61_2_reg_2284     |   32|   32|          0|
    |crow_61_3_reg_3445     |   32|   32|          0|
    |crow_61_4_reg_15745    |   32|   32|          0|
    |crow_61_reg_778        |   32|   32|          0|
    |crow_62_1_reg_1544     |   32|   32|          0|
    |crow_62_2_reg_2272     |   32|   32|          0|
    |crow_62_3_reg_3247     |   32|   32|          0|
    |crow_62_4_reg_15733    |   32|   32|          0|
    |crow_62_reg_766        |   32|   32|          0|
    |crow_63_1_reg_1533     |   32|   32|          0|
    |crow_63_2_reg_2260     |   32|   32|          0|
    |crow_63_3_reg_3049     |   32|   32|          0|
    |crow_63_4_reg_15721    |   32|   32|          0|
    |crow_6_1_reg_2160      |   32|   32|          0|
    |crow_6_2_reg_2944      |   32|   32|          0|
    |crow_6_3_reg_14335     |   32|   32|          0|
    |crow_6_4_reg_16405     |   32|   32|          0|
    |crow_6_reg_1438        |   32|   32|          0|
    |crow_7_1_reg_2149      |   32|   32|          0|
    |crow_7_2_reg_2932      |   32|   32|          0|
    |crow_7_3_reg_14137     |   32|   32|          0|
    |crow_7_4_reg_16393     |   32|   32|          0|
    |crow_7_reg_1426        |   32|   32|          0|
    |crow_8_1_reg_2138      |   32|   32|          0|
    |crow_8_2_reg_2920      |   32|   32|          0|
    |crow_8_3_reg_13939     |   32|   32|          0|
    |crow_8_4_reg_16381     |   32|   32|          0|
    |crow_8_reg_1414        |   32|   32|          0|
    |crow_9_1_reg_2127      |   32|   32|          0|
    |crow_9_2_reg_2908      |   32|   32|          0|
    |crow_9_3_reg_13741     |   32|   32|          0|
    |crow_9_4_reg_16369     |   32|   32|          0|
    |crow_9_reg_1402        |   32|   32|          0|
    |crow_reg_1510          |   32|   32|          0|
    |crow_s_reg_754         |   32|   32|          0|
    |curElemA_reg_19799     |  256|  256|          0|
    |curElemB_reg_20570     |  256|  256|          0|
    |curElemC_1_reg_19804   |  256|  256|          0|
    |curIdx_1_reg_20929     |    9|    9|          0|
    |curIdx_2_reg_19919     |    9|    9|          0|
    |curIdx_reg_19782       |    9|    9|          0|
    |indvars_iv5_reg_16500  |    7|    7|          0|
    |indvars_iv_reg_16556   |    7|    7|          0|
    |j_1_reg_16524          |    4|    4|          0|
    |j_2_reg_16580          |    4|    4|          0|
    |j_3_reg_19777          |    4|    4|          0|
    |j_4_reg_20924          |    4|    4|          0|
    |j_5_reg_19914          |    4|    4|          0|
    |j_reg_2249             |    4|    4|          0|
    |k_1_reg_3039           |    7|    7|          0|
    |k_2_reg_16512          |    7|    7|          0|
    |k_3_reg_16535          |    7|    7|          0|
    |k_4_reg_16568          |    7|    7|          0|
    |k_5_reg_16591          |    7|    7|          0|
    |k_6_reg_19809          |    7|    7|          0|
    |k_7_reg_20934          |    7|    7|          0|
    |k_8_reg_20575          |    7|    7|          0|
    |k_reg_2237             |    7|    7|          0|
    |p_Repl2_s_reg_16625    |   32|   32|          0|
    |p_Val2_1_reg_16601     |  256|  256|          0|
    |rowBaseIdxB_reg_19906  |    6|    9|          3|
    |rowBaseIdx_reg_19768   |    6|    9|          3|
    |rowIdxB_1_reg_19901    |    7|    7|          0|
    |rowIdxB_reg_16489      |    7|    7|          0|
    |rowIdx_1_reg_19763     |    7|    7|          0|
    |rowIdx_reg_1522        |    7|    7|          0|
    |t2_1_reg_19817         |    4|    4|          0|
    |t2_2_reg_20942         |    4|    4|          0|
    |t2_reg_3028            |    4|    4|          0|
    |t3_reg_16545           |    4|    4|          0|
    |t_reg_16614            |    4|    4|          0|
    |tmp_10_reg_20956       |    7|    7|          0|
    |tmp_22_reg_20950       |    3|    3|          0|
    |tmp_9_reg_19893        |    7|    7|          0|
    +-----------------------+-----+-----+-----------+
    |Total                  |15602|15608|          6|
    +-----------------------+-----+-----+-----------+



================================================================
== Interface
================================================================
* Summary: 
+---------------+-----+-----+------------+--------------+--------------+
|   RTL Ports   | Dir | Bits|  Protocol  | Source Object|    C Type    |
+---------------+-----+-----+------------+--------------+--------------+
|ap_clk         |  in |    1| ap_ctrl_hs |   mmult_top  | return value |
|ap_rst         |  in |    1| ap_ctrl_hs |   mmult_top  | return value |
|ap_start       |  in |    1| ap_ctrl_hs |   mmult_top  | return value |
|ap_done        | out |    1| ap_ctrl_hs |   mmult_top  | return value |
|ap_idle        | out |    1| ap_ctrl_hs |   mmult_top  | return value |
|ap_ready       | out |    1| ap_ctrl_hs |   mmult_top  | return value |
|a_req_din      | out |    1|   ap_bus   |       a      |    pointer   |
|a_req_full_n   |  in |    1|   ap_bus   |       a      |    pointer   |
|a_req_write    | out |    1|   ap_bus   |       a      |    pointer   |
|a_rsp_empty_n  |  in |    1|   ap_bus   |       a      |    pointer   |
|a_rsp_read     | out |    1|   ap_bus   |       a      |    pointer   |
|a_address      | out |   32|   ap_bus   |       a      |    pointer   |
|a_datain       |  in |  256|   ap_bus   |       a      |    pointer   |
|a_dataout      | out |  256|   ap_bus   |       a      |    pointer   |
|a_size         | out |   32|   ap_bus   |       a      |    pointer   |
|b_req_din      | out |    1|   ap_bus   |       b      |    pointer   |
|b_req_full_n   |  in |    1|   ap_bus   |       b      |    pointer   |
|b_req_write    | out |    1|   ap_bus   |       b      |    pointer   |
|b_rsp_empty_n  |  in |    1|   ap_bus   |       b      |    pointer   |
|b_rsp_read     | out |    1|   ap_bus   |       b      |    pointer   |
|b_address      | out |   32|   ap_bus   |       b      |    pointer   |
|b_datain       |  in |  256|   ap_bus   |       b      |    pointer   |
|b_dataout      | out |  256|   ap_bus   |       b      |    pointer   |
|b_size         | out |   32|   ap_bus   |       b      |    pointer   |
|c_req_din      | out |    1|   ap_bus   |       c      |    pointer   |
|c_req_full_n   |  in |    1|   ap_bus   |       c      |    pointer   |
|c_req_write    | out |    1|   ap_bus   |       c      |    pointer   |
|c_rsp_empty_n  |  in |    1|   ap_bus   |       c      |    pointer   |
|c_rsp_read     | out |    1|   ap_bus   |       c      |    pointer   |
|c_address      | out |   32|   ap_bus   |       c      |    pointer   |
|c_datain       |  in |  256|   ap_bus   |       c      |    pointer   |
|c_dataout      | out |  256|   ap_bus   |       c      |    pointer   |
|c_size         | out |   32|   ap_bus   |       c      |    pointer   |
+---------------+-----+-----+------------+--------------+--------------+

